<!DOCTYPE html>
<html>
<body>
<!-- inject:js -->
<!-- <script src="/fixtures/lib1.js"></script> -->
<script src="/fixtures/lib2.js"></script>
<script src="/fixtures/lib3.js"></script>
<!-- endinject -->
<!-- inject:html -->
<link rel="import" href="/fixtures/component2.html">
<!-- endinject -->
</body>
</html>