{
  "js": [
    "/lib1.js",
    "/lib2.js",
    "/lib3.js"
  ]
}