<!DOCTYPE html>
<html>
<head>
  <title>gulp-append</title>
  <!-- inject:css -->
  <link rel="stylesheet" href="/fixtures/styles.css">
  <!-- endinject -->
</head>
<body>

</body>
</html>