<!DOCTYPE html>
<html>
<body>
<h1>gulp-append</h1>    <!-- inject:js -->
                        <script src="/fixtures/lib1.js"></script>
                        <script src="/fixtures/lib2.js"></script>
                        <script src="/fixtures/lib3.js"></script>
                        <!-- endinject -->
</body>
</html>